{"op_code":0,"worker_id":"6d9ed95f-f6e7-4df9-9cd9-457be1ac1977-140537303306368","study_name":"lgbm_oof_auc","directions":[2]}
{"op_code":4,"worker_id":"6d9ed95f-f6e7-4df9-9cd9-457be1ac1977-140537303306368","study_id":0,"datetime_start":null,"state":4,"value":null,"values":null,"distributions":{},"params":{},"user_attrs":{},"system_attrs":{"fixed_params":{"learning_rate":0.05,"num_leaves":64,"min_data_in_leaf":100,"feature_fraction":0.8,"bagging_fraction":0.8,"lambda_l1":0.001,"lambda_l2":0.001}},"intermediate_values":{}}
{"op_code":6,"worker_id":"6d9ed95f-f6e7-4df9-9cd9-457be1ac1977-140537303306368","trial_id":0,"state":0,"values":null,"datetime_start":"2026-07-18T17:30:34.642043"}
{"op_code":5,"worker_id":"6d9ed95f-f6e7-4df9-9cd9-457be1ac1977-140537303306368","trial_id":0,"param_name":"learning_rate","param_value_internal":0.05,"distribution":"{\"name\": \"FloatDistribution\", \"attributes\": {\"step\": null, \"low\": 0.01, \"high\": 0.1, \"log\": true}}"}
{"op_code":5,"worker_id":"6d9ed95f-f6e7-4df9-9cd9-457be1ac1977-140537303306368","trial_id":0,"param_name":"num_leaves","param_value_internal":64.0,"distribution":"{\"name\": \"IntDistribution\", \"attributes\": {\"log\": false, \"step\": 1, \"low\": 16, \"high\": 128}}"}
{"op_code":5,"worker_id":"6d9ed95f-f6e7-4df9-9cd9-457be1ac1977-140537303306368","trial_id":0,"param_name":"min_data_in_leaf","param_value_internal":100.0,"distribution":"{\"name\": \"IntDistribution\", \"attributes\": {\"log\": false, \"step\": 1, \"low\": 50, \"high\": 500}}"}
{"op_code":5,"worker_id":"6d9ed95f-f6e7-4df9-9cd9-457be1ac1977-140537303306368","trial_id":0,"param_name":"feature_fraction","param_value_internal":0.8,"distribution":"{\"name\": \"FloatDistribution\", \"attributes\": {\"step\": null, \"low\": 0.5, \"high\": 0.9, \"log\": false}}"}
{"op_code":5,"worker_id":"6d9ed95f-f6e7-4df9-9cd9-457be1ac1977-140537303306368","trial_id":0,"param_name":"bagging_fraction","param_value_internal":0.8,"distribution":"{\"name\": \"FloatDistribution\", \"attributes\": {\"step\": null, \"low\": 0.6, \"high\": 0.95, \"log\": false}}"}
{"op_code":5,"worker_id":"6d9ed95f-f6e7-4df9-9cd9-457be1ac1977-140537303306368","trial_id":0,"param_name":"lambda_l1","param_value_internal":0.001,"distribution":"{\"name\": \"FloatDistribution\", \"attributes\": {\"step\": null, \"low\": 1e-08, \"high\": 10.0, \"log\": true}}"}
{"op_code":5,"worker_id":"6d9ed95f-f6e7-4df9-9cd9-457be1ac1977-140537303306368","trial_id":0,"param_name":"lambda_l2","param_value_internal":0.001,"distribution":"{\"name\": \"FloatDistribution\", \"attributes\": {\"step\": null, \"low\": 1e-08, \"high\": 10.0, \"log\": true}}"}
{"op_code":7,"worker_id":"6d9ed95f-f6e7-4df9-9cd9-457be1ac1977-140537303306368","trial_id":0,"step":0,"intermediate_value":0.7710508547673645}
{"op_code":7,"worker_id":"6d9ed95f-f6e7-4df9-9cd9-457be1ac1977-140537303306368","trial_id":0,"step":1,"intermediate_value":0.7722358354602047}
{"op_code":7,"worker_id":"6d9ed95f-f6e7-4df9-9cd9-457be1ac1977-140537303306368","trial_id":0,"step":2,"intermediate_value":0.7730579381041304}
{"op_code":7,"worker_id":"6d9ed95f-f6e7-4df9-9cd9-457be1ac1977-140537303306368","trial_id":0,"step":3,"intermediate_value":0.7735646062845543}
{"op_code":7,"worker_id":"6d9ed95f-f6e7-4df9-9cd9-457be1ac1977-140537303306368","trial_id":0,"step":4,"intermediate_value":0.7737080846983179}
{"op_code":8,"worker_id":"6d9ed95f-f6e7-4df9-9cd9-457be1ac1977-140537303306368","trial_id":0,"user_attr":{"best_iterations":[216,350,218,201,245]}}
{"op_code":8,"worker_id":"6d9ed95f-f6e7-4df9-9cd9-457be1ac1977-140537303306368","trial_id":0,"user_attr":{"train_oof_gap":0.10933225205758579}}
{"op_code":6,"worker_id":"6d9ed95f-f6e7-4df9-9cd9-457be1ac1977-140537303306368","trial_id":0,"state":1,"values":[0.7736859455066197],"datetime_complete":"2026-07-18T17:33:06.608691"}
{"op_code":4,"worker_id":"6d9ed95f-f6e7-4df9-9cd9-457be1ac1977-140537303306368","study_id":0,"datetime_start":"2026-07-18T17:33:06.610564"}
{"op_code":5,"worker_id":"6d9ed95f-f6e7-4df9-9cd9-457be1ac1977-140537303306368","trial_id":1,"param_name":"learning_rate","param_value_internal":0.023688639503640783,"distribution":"{\"name\": \"FloatDistribution\", \"attributes\": {\"step\": null, \"low\": 0.01, \"high\": 0.1, \"log\": true}}"}
{"op_code":5,"worker_id":"6d9ed95f-f6e7-4df9-9cd9-457be1ac1977-140537303306368","trial_id":1,"param_name":"num_leaves","param_value_internal":123.0,"distribution":"{\"name\": \"IntDistribution\", \"attributes\": {\"log\": false, \"step\": 1, \"low\": 16, \"high\": 128}}"}
{"op_code":5,"worker_id":"6d9ed95f-f6e7-4df9-9cd9-457be1ac1977-140537303306368","trial_id":1,"param_name":"min_data_in_leaf","param_value_internal":380.0,"distribution":"{\"name\": \"IntDistribution\", \"attributes\": {\"log\": false, \"step\": 1, \"low\": 50, \"high\": 500}}"}
{"op_code":5,"worker_id":"6d9ed95f-f6e7-4df9-9cd9-457be1ac1977-140537303306368","trial_id":1,"param_name":"feature_fraction","param_value_internal":0.7394633936788146,"distribution":"{\"name\": \"FloatDistribution\", \"attributes\": {\"step\": null, \"low\": 0.5, \"high\": 0.9, \"log\": false}}"}
{"op_code":5,"worker_id":"6d9ed95f-f6e7-4df9-9cd9-457be1ac1977-140537303306368","trial_id":1,"param_name":"bagging_fraction","param_value_internal":0.6546065241548528,"distribution":"{\"name\": \"FloatDistribution\", \"attributes\": {\"step\": null, \"low\": 0.6, \"high\": 0.95, \"log\": false}}"}
{"op_code":5,"worker_id":"6d9ed95f-f6e7-4df9-9cd9-457be1ac1977-140537303306368","trial_id":1,"param_name":"lambda_l1","param_value_internal":2.5348407664333426e-07,"distribution":"{\"name\": \"FloatDistribution\", \"attributes\": {\"step\": null, \"low\": 1e-08, \"high\": 10.0, \"log\": true}}"}
{"op_code":5,"worker_id":"6d9ed95f-f6e7-4df9-9cd9-457be1ac1977-140537303306368","trial_id":1,"param_name":"lambda_l2","param_value_internal":3.3323645788192616e-08,"distribution":"{\"name\": \"FloatDistribution\", \"attributes\": {\"step\": null, \"low\": 1e-08, \"high\": 10.0, \"log\": true}}"}
{"op_code":7,"worker_id":"6d9ed95f-f6e7-4df9-9cd9-457be1ac1977-140537303306368","trial_id":1,"step":0,"intermediate_value":0.7738269032909785}
{"op_code":0,"worker_id":"c1f0ced6-0b26-4e22-976a-62098e0476f6-139715335159936","study_name":"lgbm_oof_auc","directions":[2]}
{"op_code":4,"worker_id":"c1f0ced6-0b26-4e22-976a-62098e0476f6-139715335159936","study_id":0,"datetime_start":"2026-07-18T17:36:38.728905"}
{"op_code":5,"worker_id":"c1f0ced6-0b26-4e22-976a-62098e0476f6-139715335159936","trial_id":2,"param_name":"learning_rate","param_value_internal":0.023688639503640783,"distribution":"{\"name\": \"FloatDistribution\", \"attributes\": {\"step\": null, \"low\": 0.01, \"high\": 0.1, \"log\": true}}"}
{"op_code":5,"worker_id":"c1f0ced6-0b26-4e22-976a-62098e0476f6-139715335159936","trial_id":2,"param_name":"num_leaves","param_value_internal":123.0,"distribution":"{\"name\": \"IntDistribution\", \"attributes\": {\"log\": false, \"step\": 1, \"low\": 16, \"high\": 128}}"}
{"op_code":5,"worker_id":"c1f0ced6-0b26-4e22-976a-62098e0476f6-139715335159936","trial_id":2,"param_name":"min_data_in_leaf","param_value_internal":380.0,"distribution":"{\"name\": \"IntDistribution\", \"attributes\": {\"log\": false, \"step\": 1, \"low\": 50, \"high\": 500}}"}
{"op_code":5,"worker_id":"c1f0ced6-0b26-4e22-976a-62098e0476f6-139715335159936","trial_id":2,"param_name":"feature_fraction","param_value_internal":0.7394633936788146,"distribution":"{\"name\": \"FloatDistribution\", \"attributes\": {\"step\": null, \"low\": 0.5, \"high\": 0.9, \"log\": false}}"}
{"op_code":5,"worker_id":"c1f0ced6-0b26-4e22-976a-62098e0476f6-139715335159936","trial_id":2,"param_name":"bagging_fraction","param_value_internal":0.6546065241548528,"distribution":"{\"name\": \"FloatDistribution\", \"attributes\": {\"step\": null, \"low\": 0.6, \"high\": 0.95, \"log\": false}}"}
{"op_code":5,"worker_id":"c1f0ced6-0b26-4e22-976a-62098e0476f6-139715335159936","trial_id":2,"param_name":"lambda_l1","param_value_internal":2.5348407664333426e-07,"distribution":"{\"name\": \"FloatDistribution\", \"attributes\": {\"step\": null, \"low\": 1e-08, \"high\": 10.0, \"log\": true}}"}
{"op_code":5,"worker_id":"c1f0ced6-0b26-4e22-976a-62098e0476f6-139715335159936","trial_id":2,"param_name":"lambda_l2","param_value_internal":3.3323645788192616e-08,"distribution":"{\"name\": \"FloatDistribution\", \"attributes\": {\"step\": null, \"low\": 1e-08, \"high\": 10.0, \"log\": true}}"}
{"op_code":7,"worker_id":"c1f0ced6-0b26-4e22-976a-62098e0476f6-139715335159936","trial_id":2,"step":0,"intermediate_value":0.7738269032909785}
{"op_code":7,"worker_id":"c1f0ced6-0b26-4e22-976a-62098e0476f6-139715335159936","trial_id":2,"step":1,"intermediate_value":0.7738792011691836}
{"op_code":7,"worker_id":"c1f0ced6-0b26-4e22-976a-62098e0476f6-139715335159936","trial_id":2,"step":2,"intermediate_value":0.7745788227074376}
{"op_code":0,"worker_id":"d07406d9-ff38-4d65-a370-e8f1d7a474b0-139726076084352","study_name":"lgbm_oof_auc","directions":[2]}
{"op_code":4,"worker_id":"d07406d9-ff38-4d65-a370-e8f1d7a474b0-139726076084352","study_id":0,"datetime_start":"2026-07-18T17:42:12.031570"}
{"op_code":5,"worker_id":"d07406d9-ff38-4d65-a370-e8f1d7a474b0-139726076084352","trial_id":3,"param_name":"learning_rate","param_value_internal":0.023688639503640783,"distribution":"{\"name\": \"FloatDistribution\", \"attributes\": {\"step\": null, \"low\": 0.01, \"high\": 0.1, \"log\": true}}"}
{"op_code":5,"worker_id":"d07406d9-ff38-4d65-a370-e8f1d7a474b0-139726076084352","trial_id":3,"param_name":"num_leaves","param_value_internal":123.0,"distribution":"{\"name\": \"IntDistribution\", \"attributes\": {\"log\": false, \"step\": 1, \"low\": 16, \"high\": 128}}"}
{"op_code":5,"worker_id":"d07406d9-ff38-4d65-a370-e8f1d7a474b0-139726076084352","trial_id":3,"param_name":"min_data_in_leaf","param_value_internal":380.0,"distribution":"{\"name\": \"IntDistribution\", \"attributes\": {\"log\": false, \"step\": 1, \"low\": 50, \"high\": 500}}"}
{"op_code":5,"worker_id":"d07406d9-ff38-4d65-a370-e8f1d7a474b0-139726076084352","trial_id":3,"param_name":"feature_fraction","param_value_internal":0.7394633936788146,"distribution":"{\"name\": \"FloatDistribution\", \"attributes\": {\"step\": null, \"low\": 0.5, \"high\": 0.9, \"log\": false}}"}
{"op_code":5,"worker_id":"d07406d9-ff38-4d65-a370-e8f1d7a474b0-139726076084352","trial_id":3,"param_name":"bagging_fraction","param_value_internal":0.6546065241548528,"distribution":"{\"name\": \"FloatDistribution\", \"attributes\": {\"step\": null, \"low\": 0.6, \"high\": 0.95, \"log\": false}}"}
{"op_code":5,"worker_id":"d07406d9-ff38-4d65-a370-e8f1d7a474b0-139726076084352","trial_id":3,"param_name":"lambda_l1","param_value_internal":2.5348407664333426e-07,"distribution":"{\"name\": \"FloatDistribution\", \"attributes\": {\"step\": null, \"low\": 1e-08, \"high\": 10.0, \"log\": true}}"}
{"op_code":5,"worker_id":"d07406d9-ff38-4d65-a370-e8f1d7a474b0-139726076084352","trial_id":3,"param_name":"lambda_l2","param_value_internal":3.3323645788192616e-08,"distribution":"{\"name\": \"FloatDistribution\", \"attributes\": {\"step\": null, \"low\": 1e-08, \"high\": 10.0, \"log\": true}}"}
{"op_code":7,"worker_id":"d07406d9-ff38-4d65-a370-e8f1d7a474b0-139726076084352","trial_id":3,"step":0,"intermediate_value":0.7738269032909785}
{"op_code":7,"worker_id":"d07406d9-ff38-4d65-a370-e8f1d7a474b0-139726076084352","trial_id":3,"step":1,"intermediate_value":0.7738792011691836}
{"op_code":7,"worker_id":"d07406d9-ff38-4d65-a370-e8f1d7a474b0-139726076084352","trial_id":3,"step":2,"intermediate_value":0.7745788227074376}
{"op_code":0,"worker_id":"2554d58b-848f-4d3c-9696-666786ea0f8f-139820009537664","study_name":"lgbm_oof_auc","directions":[2]}
{"op_code":4,"worker_id":"2554d58b-848f-4d3c-9696-666786ea0f8f-139820009537664","study_id":0,"datetime_start":"2026-07-18T17:49:29.387708"}
{"op_code":5,"worker_id":"2554d58b-848f-4d3c-9696-666786ea0f8f-139820009537664","trial_id":4,"param_name":"learning_rate","param_value_internal":0.023688639503640783,"distribution":"{\"name\": \"FloatDistribution\", \"attributes\": {\"step\": null, \"low\": 0.01, \"high\": 0.1, \"log\": true}}"}
{"op_code":5,"worker_id":"2554d58b-848f-4d3c-9696-666786ea0f8f-139820009537664","trial_id":4,"param_name":"num_leaves","param_value_internal":123.0,"distribution":"{\"name\": \"IntDistribution\", \"attributes\": {\"log\": false, \"step\": 1, \"low\": 16, \"high\": 128}}"}
{"op_code":5,"worker_id":"2554d58b-848f-4d3c-9696-666786ea0f8f-139820009537664","trial_id":4,"param_name":"min_data_in_leaf","param_value_internal":380.0,"distribution":"{\"name\": \"IntDistribution\", \"attributes\": {\"log\": false, \"step\": 1, \"low\": 50, \"high\": 500}}"}
{"op_code":5,"worker_id":"2554d58b-848f-4d3c-9696-666786ea0f8f-139820009537664","trial_id":4,"param_name":"feature_fraction","param_value_internal":0.7394633936788146,"distribution":"{\"name\": \"FloatDistribution\", \"attributes\": {\"step\": null, \"low\": 0.5, \"high\": 0.9, \"log\": false}}"}
{"op_code":5,"worker_id":"2554d58b-848f-4d3c-9696-666786ea0f8f-139820009537664","trial_id":4,"param_name":"bagging_fraction","param_value_internal":0.6546065241548528,"distribution":"{\"name\": \"FloatDistribution\", \"attributes\": {\"step\": null, \"low\": 0.6, \"high\": 0.95, \"log\": false}}"}
{"op_code":5,"worker_id":"2554d58b-848f-4d3c-9696-666786ea0f8f-139820009537664","trial_id":4,"param_name":"lambda_l1","param_value_internal":2.5348407664333426e-07,"distribution":"{\"name\": \"FloatDistribution\", \"attributes\": {\"step\": null, \"low\": 1e-08, \"high\": 10.0, \"log\": true}}"}
{"op_code":5,"worker_id":"2554d58b-848f-4d3c-9696-666786ea0f8f-139820009537664","trial_id":4,"param_name":"lambda_l2","param_value_internal":3.3323645788192616e-08,"distribution":"{\"name\": \"FloatDistribution\", \"attributes\": {\"step\": null, \"low\": 1e-08, \"high\": 10.0, \"log\": true}}"}
{"op_code":7,"worker_id":"2554d58b-848f-4d3c-9696-666786ea0f8f-139820009537664","trial_id":4,"step":0,"intermediate_value":0.7738269032909785}
{"op_code":7,"worker_id":"2554d58b-848f-4d3c-9696-666786ea0f8f-139820009537664","trial_id":4,"step":1,"intermediate_value":0.7738792011691836}
{"op_code":7,"worker_id":"2554d58b-848f-4d3c-9696-666786ea0f8f-139820009537664","trial_id":4,"step":2,"intermediate_value":0.7745788227074376}
{"op_code":7,"worker_id":"2554d58b-848f-4d3c-9696-666786ea0f8f-139820009537664","trial_id":4,"step":3,"intermediate_value":0.7754783037948696}
{"op_code":7,"worker_id":"2554d58b-848f-4d3c-9696-666786ea0f8f-139820009537664","trial_id":4,"step":4,"intermediate_value":0.7756124863684615}
{"op_code":8,"worker_id":"2554d58b-848f-4d3c-9696-666786ea0f8f-139820009537664","trial_id":4,"user_attr":{"best_iterations":[399,633,410,474,437]}}
{"op_code":8,"worker_id":"2554d58b-848f-4d3c-9696-666786ea0f8f-139820009537664","trial_id":4,"user_attr":{"train_oof_gap":0.13852403951396453}}
{"op_code":8,"worker_id":"2554d58b-848f-4d3c-9696-666786ea0f8f-139820009537664","trial_id":4,"user_attr":{"fit_seconds":381.3}}
{"op_code":6,"worker_id":"2554d58b-848f-4d3c-9696-666786ea0f8f-139820009537664","trial_id":4,"state":1,"values":[0.7755624479337747],"datetime_complete":"2026-07-18T17:55:50.674279"}
{"op_code":4,"worker_id":"2554d58b-848f-4d3c-9696-666786ea0f8f-139820009537664","study_id":0,"datetime_start":"2026-07-18T17:55:50.676150"}
{"op_code":5,"worker_id":"2554d58b-848f-4d3c-9696-666786ea0f8f-139820009537664","trial_id":5,"param_name":"learning_rate","param_value_internal":0.07348118405270448,"distribution":"{\"name\": \"FloatDistribution\", \"attributes\": {\"step\": null, \"low\": 0.01, \"high\": 0.1, \"log\": true}}"}
{"op_code":5,"worker_id":"2554d58b-848f-4d3c-9696-666786ea0f8f-139820009537664","trial_id":5,"param_name":"num_leaves","param_value_internal":83.0,"distribution":"{\"name\": \"IntDistribution\", \"attributes\": {\"log\": false, \"step\": 1, \"low\": 16, \"high\": 128}}"}
{"op_code":5,"worker_id":"2554d58b-848f-4d3c-9696-666786ea0f8f-139820009537664","trial_id":5,"param_name":"min_data_in_leaf","param_value_internal":369.0,"distribution":"{\"name\": \"IntDistribution\", \"attributes\": {\"log\": false, \"step\": 1, \"low\": 50, \"high\": 500}}"}
{"op_code":5,"worker_id":"2554d58b-848f-4d3c-9696-666786ea0f8f-139820009537664","trial_id":5,"param_name":"feature_fraction","param_value_internal":0.508233797718321,"distribution":"{\"name\": \"FloatDistribution\", \"attributes\": {\"step\": null, \"low\": 0.5, \"high\": 0.9, \"log\": false}}"}
{"op_code":5,"worker_id":"2554d58b-848f-4d3c-9696-666786ea0f8f-139820009537664","trial_id":5,"param_name":"bagging_fraction","param_value_internal":0.939468448256698,"distribution":"{\"name\": \"FloatDistribution\", \"attributes\": {\"step\": null, \"low\": 0.6, \"high\": 0.95, \"log\": false}}"}
{"op_code":5,"worker_id":"2554d58b-848f-4d3c-9696-666786ea0f8f-139820009537664","trial_id":5,"param_name":"lambda_l1","param_value_internal":0.31044435499483225,"distribution":"{\"name\": \"FloatDistribution\", \"attributes\": {\"step\": null, \"low\": 1e-08, \"high\": 10.0, \"log\": true}}"}
{"op_code":5,"worker_id":"2554d58b-848f-4d3c-9696-666786ea0f8f-139820009537664","trial_id":5,"param_name":"lambda_l2","param_value_internal":8.148018307012941e-07,"distribution":"{\"name\": \"FloatDistribution\", \"attributes\": {\"step\": null, \"low\": 1e-08, \"high\": 10.0, \"log\": true}}"}
{"op_code":7,"worker_id":"2554d58b-848f-4d3c-9696-666786ea0f8f-139820009537664","trial_id":5,"step":0,"intermediate_value":0.7727765873384307}
{"op_code":7,"worker_id":"2554d58b-848f-4d3c-9696-666786ea0f8f-139820009537664","trial_id":5,"step":1,"intermediate_value":0.7728891651242535}
{"op_code":7,"worker_id":"2554d58b-848f-4d3c-9696-666786ea0f8f-139820009537664","trial_id":5,"step":2,"intermediate_value":0.7730699723772055}
{"op_code":7,"worker_id":"2554d58b-848f-4d3c-9696-666786ea0f8f-139820009537664","trial_id":5,"step":3,"intermediate_value":0.773930746640801}
{"op_code":7,"worker_id":"2554d58b-848f-4d3c-9696-666786ea0f8f-139820009537664","trial_id":5,"step":4,"intermediate_value":0.7738797554027333}
{"op_code":8,"worker_id":"2554d58b-848f-4d3c-9696-666786ea0f8f-139820009537664","trial_id":5,"user_attr":{"best_iterations":[148,150,172,175,176]}}
{"op_code":8,"worker_id":"2554d58b-848f-4d3c-9696-666786ea0f8f-139820009537664","trial_id":5,"user_attr":{"train_oof_gap":0.10936875052872574}}
{"op_code":8,"worker_id":"2554d58b-848f-4d3c-9696-666786ea0f8f-139820009537664","trial_id":5,"user_attr":{"fit_seconds":173.9}}
{"op_code":6,"worker_id":"2554d58b-848f-4d3c-9696-666786ea0f8f-139820009537664","trial_id":5,"state":1,"values":[0.7738782920740922],"datetime_complete":"2026-07-18T17:58:44.577989"}
{"op_code":4,"worker_id":"2554d58b-848f-4d3c-9696-666786ea0f8f-139820009537664","study_id":0,"datetime_start":"2026-07-18T17:58:44.580248"}
{"op_code":5,"worker_id":"2554d58b-848f-4d3c-9696-666786ea0f8f-139820009537664","trial_id":6,"param_name":"learning_rate","param_value_internal":0.015199348301309814,"distribution":"{\"name\": \"FloatDistribution\", \"attributes\": {\"step\": null, \"low\": 0.01, \"high\": 0.1, \"log\": true}}"}
{"op_code":5,"worker_id":"2554d58b-848f-4d3c-9696-666786ea0f8f-139820009537664","trial_id":6,"param_name":"num_leaves","param_value_internal":36.0,"distribution":"{\"name\": \"IntDistribution\", \"attributes\": {\"log\": false, \"step\": 1, \"low\": 16, \"high\": 128}}"}
{"op_code":5,"worker_id":"2554d58b-848f-4d3c-9696-666786ea0f8f-139820009537664","trial_id":6,"param_name":"min_data_in_leaf","param_value_internal":187.0,"distribution":"{\"name\": \"IntDistribution\", \"attributes\": {\"log\": false, \"step\": 1, \"low\": 50, \"high\": 500}}"}
{"op_code":5,"worker_id":"2554d58b-848f-4d3c-9696-666786ea0f8f-139820009537664","trial_id":6,"param_name":"feature_fraction","param_value_internal":0.7099025726528951,"distribution":"{\"name\": \"FloatDistribution\", \"attributes\": {\"step\": null, \"low\": 0.5, \"high\": 0.9, \"log\": false}}"}
{"op_code":5,"worker_id":"2554d58b-848f-4d3c-9696-666786ea0f8f-139820009537664","trial_id":6,"param_name":"bagging_fraction","param_value_internal":0.7511807565247405,"distribution":"{\"name\": \"FloatDistribution\", \"attributes\": {\"step\": null, \"low\": 0.6, \"high\": 0.95, \"log\": false}}"}
{"op_code":5,"worker_id":"2554d58b-848f-4d3c-9696-666786ea0f8f-139820009537664","trial_id":6,"param_name":"lambda_l1","param_value_internal":4.17890272377219e-06,"distribution":"{\"name\": \"FloatDistribution\", \"attributes\": {\"step\": null, \"low\": 1e-08, \"high\": 10.0, \"log\": true}}"}
{"op_code":5,"worker_id":"2554d58b-848f-4d3c-9696-666786ea0f8f-139820009537664","trial_id":6,"param_name":"lambda_l2","param_value_internal":0.0032112643094417484,"distribution":"{\"name\": \"FloatDistribution\", \"attributes\": {\"step\": null, \"low\": 1e-08, \"high\": 10.0, \"log\": true}}"}
{"op_code":7,"worker_id":"2554d58b-848f-4d3c-9696-666786ea0f8f-139820009537664","trial_id":6,"step":0,"intermediate_value":0.776311446319238}
{"op_code":7,"worker_id":"2554d58b-848f-4d3c-9696-666786ea0f8f-139820009537664","trial_id":6,"step":1,"intermediate_value":0.7762048884530872}
{"op_code":0,"worker_id":"b9e9e63c-cd5b-4a7b-9b45-4b037e4a78a5-139726764372096","study_name":"lgbm_oof_auc","directions":[2]}
{"op_code":4,"worker_id":"b9e9e63c-cd5b-4a7b-9b45-4b037e4a78a5-139726764372096","study_id":0,"datetime_start":null,"state":4,"value":null,"values":null,"distributions":{},"params":{},"user_attrs":{},"system_attrs":{"fixed_params":{"learning_rate":0.03,"num_leaves":96,"min_data_in_leaf":300,"feature_fraction":0.75,"bagging_fraction":0.85,"lambda_l1":0.1,"lambda_l2":1.0}},"intermediate_values":{}}
{"op_code":4,"worker_id":"b9e9e63c-cd5b-4a7b-9b45-4b037e4a78a5-139726764372096","study_id":0,"datetime_start":null,"state":4,"value":null,"values":null,"distributions":{},"params":{},"user_attrs":{},"system_attrs":{"fixed_params":{"learning_rate":0.045,"num_leaves":110,"min_data_in_leaf":250,"feature_fraction":0.7,"bagging_fraction":0.8,"lambda_l1":1.0,"lambda_l2":5.0}},"intermediate_values":{}}
{"op_code":0,"worker_id":"7d0c4277-e87f-4918-b832-3ffc990fff54-140103489241216","study_name":"lgbm_oof_auc","directions":[2]}
{"op_code":6,"worker_id":"7d0c4277-e87f-4918-b832-3ffc990fff54-140103489241216","trial_id":7,"state":0,"values":null,"datetime_start":"2026-07-18T18:11:44.409247"}
{"op_code":5,"worker_id":"7d0c4277-e87f-4918-b832-3ffc990fff54-140103489241216","trial_id":7,"param_name":"learning_rate","param_value_internal":0.03,"distribution":"{\"name\": \"FloatDistribution\", \"attributes\": {\"step\": null, \"low\": 0.01, \"high\": 0.1, \"log\": true}}"}
{"op_code":5,"worker_id":"7d0c4277-e87f-4918-b832-3ffc990fff54-140103489241216","trial_id":7,"param_name":"num_leaves","param_value_internal":96.0,"distribution":"{\"name\": \"IntDistribution\", \"attributes\": {\"log\": false, \"step\": 1, \"low\": 16, \"high\": 128}}"}
{"op_code":5,"worker_id":"7d0c4277-e87f-4918-b832-3ffc990fff54-140103489241216","trial_id":7,"param_name":"min_data_in_leaf","param_value_internal":300.0,"distribution":"{\"name\": \"IntDistribution\", \"attributes\": {\"log\": false, \"step\": 1, \"low\": 50, \"high\": 500}}"}
{"op_code":5,"worker_id":"7d0c4277-e87f-4918-b832-3ffc990fff54-140103489241216","trial_id":7,"param_name":"feature_fraction","param_value_internal":0.75,"distribution":"{\"name\": \"FloatDistribution\", \"attributes\": {\"step\": null, \"low\": 0.5, \"high\": 0.9, \"log\": false}}"}
{"op_code":5,"worker_id":"7d0c4277-e87f-4918-b832-3ffc990fff54-140103489241216","trial_id":7,"param_name":"bagging_fraction","param_value_internal":0.85,"distribution":"{\"name\": \"FloatDistribution\", \"attributes\": {\"step\": null, \"low\": 0.6, \"high\": 0.95, \"log\": false}}"}
{"op_code":5,"worker_id":"7d0c4277-e87f-4918-b832-3ffc990fff54-140103489241216","trial_id":7,"param_name":"lambda_l1","param_value_internal":0.1,"distribution":"{\"name\": \"FloatDistribution\", \"attributes\": {\"step\": null, \"low\": 1e-08, \"high\": 10.0, \"log\": true}}"}
{"op_code":5,"worker_id":"7d0c4277-e87f-4918-b832-3ffc990fff54-140103489241216","trial_id":7,"param_name":"lambda_l2","param_value_internal":1.0,"distribution":"{\"name\": \"FloatDistribution\", \"attributes\": {\"step\": null, \"low\": 1e-08, \"high\": 10.0, \"log\": true}}"}
{"op_code":7,"worker_id":"7d0c4277-e87f-4918-b832-3ffc990fff54-140103489241216","trial_id":7,"step":0,"intermediate_value":0.7745368641734681}
{"op_code":7,"worker_id":"7d0c4277-e87f-4918-b832-3ffc990fff54-140103489241216","trial_id":7,"step":1,"intermediate_value":0.774345988468027}
{"op_code":7,"worker_id":"7d0c4277-e87f-4918-b832-3ffc990fff54-140103489241216","trial_id":7,"step":2,"intermediate_value":0.7749552267894572}
{"op_code":7,"worker_id":"7d0c4277-e87f-4918-b832-3ffc990fff54-140103489241216","trial_id":7,"step":3,"intermediate_value":0.7758582789423341}
{"op_code":7,"worker_id":"7d0c4277-e87f-4918-b832-3ffc990fff54-140103489241216","trial_id":7,"step":4,"intermediate_value":0.7759841270924791}
{"op_code":8,"worker_id":"7d0c4277-e87f-4918-b832-3ffc990fff54-140103489241216","trial_id":7,"user_attr":{"best_iterations":[434,338,318,388,472]}}
{"op_code":8,"worker_id":"7d0c4277-e87f-4918-b832-3ffc990fff54-140103489241216","trial_id":7,"user_attr":{"train_oof_gap":0.1262190227090575}}
{"op_code":8,"worker_id":"7d0c4277-e87f-4918-b832-3ffc990fff54-140103489241216","trial_id":7,"user_attr":{"fit_seconds":299.9}}
{"op_code":6,"worker_id":"7d0c4277-e87f-4918-b832-3ffc990fff54-140103489241216","trial_id":7,"state":1,"values":[0.7759470315235818],"datetime_complete":"2026-07-18T18:16:44.383710"}
{"op_code":6,"worker_id":"7d0c4277-e87f-4918-b832-3ffc990fff54-140103489241216","trial_id":8,"state":0,"values":null,"datetime_start":"2026-07-18T18:16:44.389485"}
{"op_code":5,"worker_id":"7d0c4277-e87f-4918-b832-3ffc990fff54-140103489241216","trial_id":8,"param_name":"learning_rate","param_value_internal":0.045,"distribution":"{\"name\": \"FloatDistribution\", \"attributes\": {\"step\": null, \"low\": 0.01, \"high\": 0.1, \"log\": true}}"}
{"op_code":5,"worker_id":"7d0c4277-e87f-4918-b832-3ffc990fff54-140103489241216","trial_id":8,"param_name":"num_leaves","param_value_internal":110.0,"distribution":"{\"name\": \"IntDistribution\", \"attributes\": {\"log\": false, \"step\": 1, \"low\": 16, \"high\": 128}}"}
{"op_code":5,"worker_id":"7d0c4277-e87f-4918-b832-3ffc990fff54-140103489241216","trial_id":8,"param_name":"min_data_in_leaf","param_value_internal":250.0,"distribution":"{\"name\": \"IntDistribution\", \"attributes\": {\"log\": false, \"step\": 1, \"low\": 50, \"high\": 500}}"}
{"op_code":5,"worker_id":"7d0c4277-e87f-4918-b832-3ffc990fff54-140103489241216","trial_id":8,"param_name":"feature_fraction","param_value_internal":0.7,"distribution":"{\"name\": \"FloatDistribution\", \"attributes\": {\"step\": null, \"low\": 0.5, \"high\": 0.9, \"log\": false}}"}
{"op_code":5,"worker_id":"7d0c4277-e87f-4918-b832-3ffc990fff54-140103489241216","trial_id":8,"param_name":"bagging_fraction","param_value_internal":0.8,"distribution":"{\"name\": \"FloatDistribution\", \"attributes\": {\"step\": null, \"low\": 0.6, \"high\": 0.95, \"log\": false}}"}
{"op_code":5,"worker_id":"7d0c4277-e87f-4918-b832-3ffc990fff54-140103489241216","trial_id":8,"param_name":"lambda_l1","param_value_internal":1.0,"distribution":"{\"name\": \"FloatDistribution\", \"attributes\": {\"step\": null, \"low\": 1e-08, \"high\": 10.0, \"log\": true}}"}
{"op_code":5,"worker_id":"7d0c4277-e87f-4918-b832-3ffc990fff54-140103489241216","trial_id":8,"param_name":"lambda_l2","param_value_internal":5.0,"distribution":"{\"name\": \"FloatDistribution\", \"attributes\": {\"step\": null, \"low\": 1e-08, \"high\": 10.0, \"log\": true}}"}
{"op_code":7,"worker_id":"7d0c4277-e87f-4918-b832-3ffc990fff54-140103489241216","trial_id":8,"step":0,"intermediate_value":0.7721883440550802}
{"op_code":7,"worker_id":"7d0c4277-e87f-4918-b832-3ffc990fff54-140103489241216","trial_id":8,"step":1,"intermediate_value":0.7730879616301507}
{"op_code":7,"worker_id":"7d0c4277-e87f-4918-b832-3ffc990fff54-140103489241216","trial_id":8,"step":2,"intermediate_value":0.7738633178212554}
{"op_code":7,"worker_id":"7d0c4277-e87f-4918-b832-3ffc990fff54-140103489241216","trial_id":8,"step":3,"intermediate_value":0.7747584072454214}
{"op_code":7,"worker_id":"7d0c4277-e87f-4918-b832-3ffc990fff54-140103489241216","trial_id":8,"step":4,"intermediate_value":0.7744573615662338}
{"op_code":8,"worker_id":"7d0c4277-e87f-4918-b832-3ffc990fff54-140103489241216","trial_id":8,"user_attr":{"best_iterations":[288,249,252,273,259]}}
{"op_code":8,"worker_id":"7d0c4277-e87f-4918-b832-3ffc990fff54-140103489241216","trial_id":8,"user_attr":{"train_oof_gap":0.1289828245118546}}
{"op_code":8,"worker_id":"7d0c4277-e87f-4918-b832-3ffc990fff54-140103489241216","trial_id":8,"user_attr":{"fit_seconds":230.1}}
{"op_code":6,"worker_id":"7d0c4277-e87f-4918-b832-3ffc990fff54-140103489241216","trial_id":8,"state":1,"values":[0.7744432049961276],"datetime_complete":"2026-07-18T18:20:34.464592"}
{"op_code":4,"worker_id":"7d0c4277-e87f-4918-b832-3ffc990fff54-140103489241216","study_id":0,"datetime_start":"2026-07-18T18:20:34.466542"}
{"op_code":5,"worker_id":"7d0c4277-e87f-4918-b832-3ffc990fff54-140103489241216","trial_id":9,"param_name":"learning_rate","param_value_internal":0.023688639503640783,"distribution":"{\"name\": \"FloatDistribution\", \"attributes\": {\"step\": null, \"low\": 0.01, \"high\": 0.1, \"log\": true}}"}
{"op_code":5,"worker_id":"7d0c4277-e87f-4918-b832-3ffc990fff54-140103489241216","trial_id":9,"param_name":"num_leaves","param_value_internal":123.0,"distribution":"{\"name\": \"IntDistribution\", \"attributes\": {\"log\": false, \"step\": 1, \"low\": 16, \"high\": 128}}"}
{"op_code":5,"worker_id":"7d0c4277-e87f-4918-b832-3ffc990fff54-140103489241216","trial_id":9,"param_name":"min_data_in_leaf","param_value_internal":380.0,"distribution":"{\"name\": \"IntDistribution\", \"attributes\": {\"log\": false, \"step\": 1, \"low\": 50, \"high\": 500}}"}
{"op_code":5,"worker_id":"7d0c4277-e87f-4918-b832-3ffc990fff54-140103489241216","trial_id":9,"param_name":"feature_fraction","param_value_internal":0.7394633936788146,"distribution":"{\"name\": \"FloatDistribution\", \"attributes\": {\"step\": null, \"low\": 0.5, \"high\": 0.9, \"log\": false}}"}
{"op_code":5,"worker_id":"7d0c4277-e87f-4918-b832-3ffc990fff54-140103489241216","trial_id":9,"param_name":"bagging_fraction","param_value_internal":0.6546065241548528,"distribution":"{\"name\": \"FloatDistribution\", \"attributes\": {\"step\": null, \"low\": 0.6, \"high\": 0.95, \"log\": false}}"}
{"op_code":5,"worker_id":"7d0c4277-e87f-4918-b832-3ffc990fff54-140103489241216","trial_id":9,"param_name":"lambda_l1","param_value_internal":2.5348407664333426e-07,"distribution":"{\"name\": \"FloatDistribution\", \"attributes\": {\"step\": null, \"low\": 1e-08, \"high\": 10.0, \"log\": true}}"}
{"op_code":5,"worker_id":"7d0c4277-e87f-4918-b832-3ffc990fff54-140103489241216","trial_id":9,"param_name":"lambda_l2","param_value_internal":3.3323645788192616e-08,"distribution":"{\"name\": \"FloatDistribution\", \"attributes\": {\"step\": null, \"low\": 1e-08, \"high\": 10.0, \"log\": true}}"}
{"op_code":7,"worker_id":"7d0c4277-e87f-4918-b832-3ffc990fff54-140103489241216","trial_id":9,"step":0,"intermediate_value":0.7738269032909785}
{"op_code":7,"worker_id":"7d0c4277-e87f-4918-b832-3ffc990fff54-140103489241216","trial_id":9,"step":1,"intermediate_value":0.7738792011691836}
{"op_code":7,"worker_id":"7d0c4277-e87f-4918-b832-3ffc990fff54-140103489241216","trial_id":9,"step":2,"intermediate_value":0.7745788227074376}
{"op_code":7,"worker_id":"7d0c4277-e87f-4918-b832-3ffc990fff54-140103489241216","trial_id":9,"step":3,"intermediate_value":0.7754783037948696}
{"op_code":7,"worker_id":"7d0c4277-e87f-4918-b832-3ffc990fff54-140103489241216","trial_id":9,"step":4,"intermediate_value":0.7756124863684615}
{"op_code":8,"worker_id":"7d0c4277-e87f-4918-b832-3ffc990fff54-140103489241216","trial_id":9,"user_attr":{"best_iterations":[399,633,410,474,437]}}
{"op_code":8,"worker_id":"7d0c4277-e87f-4918-b832-3ffc990fff54-140103489241216","trial_id":9,"user_attr":{"train_oof_gap":0.13852403951396453}}
{"op_code":8,"worker_id":"7d0c4277-e87f-4918-b832-3ffc990fff54-140103489241216","trial_id":9,"user_attr":{"fit_seconds":401.4}}
{"op_code":6,"worker_id":"7d0c4277-e87f-4918-b832-3ffc990fff54-140103489241216","trial_id":9,"state":1,"values":[0.7755624479337747],"datetime_complete":"2026-07-18T18:27:15.888021"}
{"op_code":4,"worker_id":"7d0c4277-e87f-4918-b832-3ffc990fff54-140103489241216","study_id":0,"datetime_start":"2026-07-18T18:27:15.894026"}
{"op_code":5,"worker_id":"7d0c4277-e87f-4918-b832-3ffc990fff54-140103489241216","trial_id":10,"param_name":"learning_rate","param_value_internal":0.07348118405270448,"distribution":"{\"name\": \"FloatDistribution\", \"attributes\": {\"step\": null, \"low\": 0.01, \"high\": 0.1, \"log\": true}}"}
{"op_code":5,"worker_id":"7d0c4277-e87f-4918-b832-3ffc990fff54-140103489241216","trial_id":10,"param_name":"num_leaves","param_value_internal":83.0,"distribution":"{\"name\": \"IntDistribution\", \"attributes\": {\"log\": false, \"step\": 1, \"low\": 16, \"high\": 128}}"}
{"op_code":5,"worker_id":"7d0c4277-e87f-4918-b832-3ffc990fff54-140103489241216","trial_id":10,"param_name":"min_data_in_leaf","param_value_internal":369.0,"distribution":"{\"name\": \"IntDistribution\", \"attributes\": {\"log\": false, \"step\": 1, \"low\": 50, \"high\": 500}}"}
{"op_code":5,"worker_id":"7d0c4277-e87f-4918-b832-3ffc990fff54-140103489241216","trial_id":10,"param_name":"feature_fraction","param_value_internal":0.508233797718321,"distribution":"{\"name\": \"FloatDistribution\", \"attributes\": {\"step\": null, \"low\": 0.5, \"high\": 0.9, \"log\": false}}"}
{"op_code":5,"worker_id":"7d0c4277-e87f-4918-b832-3ffc990fff54-140103489241216","trial_id":10,"param_name":"bagging_fraction","param_value_internal":0.939468448256698,"distribution":"{\"name\": \"FloatDistribution\", \"attributes\": {\"step\": null, \"low\": 0.6, \"high\": 0.95, \"log\": false}}"}
{"op_code":5,"worker_id":"7d0c4277-e87f-4918-b832-3ffc990fff54-140103489241216","trial_id":10,"param_name":"lambda_l1","param_value_internal":0.31044435499483225,"distribution":"{\"name\": \"FloatDistribution\", \"attributes\": {\"step\": null, \"low\": 1e-08, \"high\": 10.0, \"log\": true}}"}
{"op_code":5,"worker_id":"7d0c4277-e87f-4918-b832-3ffc990fff54-140103489241216","trial_id":10,"param_name":"lambda_l2","param_value_internal":8.148018307012941e-07,"distribution":"{\"name\": \"FloatDistribution\", \"attributes\": {\"step\": null, \"low\": 1e-08, \"high\": 10.0, \"log\": true}}"}
{"op_code":7,"worker_id":"7d0c4277-e87f-4918-b832-3ffc990fff54-140103489241216","trial_id":10,"step":0,"intermediate_value":0.7727765873384307}
{"op_code":7,"worker_id":"7d0c4277-e87f-4918-b832-3ffc990fff54-140103489241216","trial_id":10,"step":1,"intermediate_value":0.7728891651242535}
{"op_code":6,"worker_id":"7d0c4277-e87f-4918-b832-3ffc990fff54-140103489241216","trial_id":10,"state":2,"values":[0.7728891651242535],"datetime_complete":"2026-07-18T18:28:18.263055"}
{"op_code":4,"worker_id":"7d0c4277-e87f-4918-b832-3ffc990fff54-140103489241216","study_id":0,"datetime_start":"2026-07-18T18:28:18.265703"}
{"op_code":5,"worker_id":"7d0c4277-e87f-4918-b832-3ffc990fff54-140103489241216","trial_id":11,"param_name":"learning_rate","param_value_internal":0.015199348301309814,"distribution":"{\"name\": \"FloatDistribution\", \"attributes\": {\"step\": null, \"low\": 0.01, \"high\": 0.1, \"log\": true}}"}
{"op_code":5,"worker_id":"7d0c4277-e87f-4918-b832-3ffc990fff54-140103489241216","trial_id":11,"param_name":"num_leaves","param_value_internal":36.0,"distribution":"{\"name\": \"IntDistribution\", \"attributes\": {\"log\": false, \"step\": 1, \"low\": 16, \"high\": 128}}"}
{"op_code":5,"worker_id":"7d0c4277-e87f-4918-b832-3ffc990fff54-140103489241216","trial_id":11,"param_name":"min_data_in_leaf","param_value_internal":187.0,"distribution":"{\"name\": \"IntDistribution\", \"attributes\": {\"log\": false, \"step\": 1, \"low\": 50, \"high\": 500}}"}
{"op_code":5,"worker_id":"7d0c4277-e87f-4918-b832-3ffc990fff54-140103489241216","trial_id":11,"param_name":"feature_fraction","param_value_internal":0.7099025726528951,"distribution":"{\"name\": \"FloatDistribution\", \"attributes\": {\"step\": null, \"low\": 0.5, \"high\": 0.9, \"log\": false}}"}
{"op_code":5,"worker_id":"7d0c4277-e87f-4918-b832-3ffc990fff54-140103489241216","trial_id":11,"param_name":"bagging_fraction","param_value_internal":0.7511807565247405,"distribution":"{\"name\": \"FloatDistribution\", \"attributes\": {\"step\": null, \"low\": 0.6, \"high\": 0.95, \"log\": false}}"}
{"op_code":5,"worker_id":"7d0c4277-e87f-4918-b832-3ffc990fff54-140103489241216","trial_id":11,"param_name":"lambda_l1","param_value_internal":4.17890272377219e-06,"distribution":"{\"name\": \"FloatDistribution\", \"attributes\": {\"step\": null, \"low\": 1e-08, \"high\": 10.0, \"log\": true}}"}
{"op_code":5,"worker_id":"7d0c4277-e87f-4918-b832-3ffc990fff54-140103489241216","trial_id":11,"param_name":"lambda_l2","param_value_internal":0.0032112643094417484,"distribution":"{\"name\": \"FloatDistribution\", \"attributes\": {\"step\": null, \"low\": 1e-08, \"high\": 10.0, \"log\": true}}"}
{"op_code":7,"worker_id":"7d0c4277-e87f-4918-b832-3ffc990fff54-140103489241216","trial_id":11,"step":0,"intermediate_value":0.776311446319238}
{"op_code":7,"worker_id":"7d0c4277-e87f-4918-b832-3ffc990fff54-140103489241216","trial_id":11,"step":1,"intermediate_value":0.7762048884530872}
{"op_code":7,"worker_id":"7d0c4277-e87f-4918-b832-3ffc990fff54-140103489241216","trial_id":11,"step":2,"intermediate_value":0.776820787742809}
{"op_code":8,"worker_id":"7d0c4277-e87f-4918-b832-3ffc990fff54-140103489241216","trial_id":11,"user_attr":{"pruned_reason":"time_cap"}}
{"op_code":6,"worker_id":"7d0c4277-e87f-4918-b832-3ffc990fff54-140103489241216","trial_id":11,"state":2,"values":[0.776820787742809],"datetime_complete":"2026-07-18T18:34:38.703829"}
{"op_code":4,"worker_id":"7d0c4277-e87f-4918-b832-3ffc990fff54-140103489241216","study_id":0,"datetime_start":"2026-07-18T18:34:38.761108"}
{"op_code":5,"worker_id":"7d0c4277-e87f-4918-b832-3ffc990fff54-140103489241216","trial_id":12,"param_name":"learning_rate","param_value_internal":0.013787764619353767,"distribution":"{\"name\": \"FloatDistribution\", \"attributes\": {\"step\": null, \"low\": 0.01, \"high\": 0.1, \"log\": true}}"}
{"op_code":5,"worker_id":"7d0c4277-e87f-4918-b832-3ffc990fff54-140103489241216","trial_id":12,"param_name":"num_leaves","param_value_internal":49.0,"distribution":"{\"name\": \"IntDistribution\", \"attributes\": {\"log\": false, \"step\": 1, \"low\": 16, \"high\": 128}}"}
{"op_code":5,"worker_id":"7d0c4277-e87f-4918-b832-3ffc990fff54-140103489241216","trial_id":12,"param_name":"min_data_in_leaf","param_value_internal":215.0,"distribution":"{\"name\": \"IntDistribution\", \"attributes\": {\"log\": false, \"step\": 1, \"low\": 50, \"high\": 500}}"}
{"op_code":5,"worker_id":"7d0c4277-e87f-4918-b832-3ffc990fff54-140103489241216","trial_id":12,"param_name":"feature_fraction","param_value_internal":0.6824279936868144,"distribution":"{\"name\": \"FloatDistribution\", \"attributes\": {\"step\": null, \"low\": 0.5, \"high\": 0.9, \"log\": false}}"}
{"op_code":5,"worker_id":"7d0c4277-e87f-4918-b832-3ffc990fff54-140103489241216","trial_id":12,"param_name":"bagging_fraction","param_value_internal":0.8748115864875547,"distribution":"{\"name\": \"FloatDistribution\", \"attributes\": {\"step\": null, \"low\": 0.6, \"high\": 0.95, \"log\": false}}"}
{"op_code":5,"worker_id":"7d0c4277-e87f-4918-b832-3ffc990fff54-140103489241216","trial_id":12,"param_name":"lambda_l1","param_value_internal":6.267062696005991e-07,"distribution":"{\"name\": \"FloatDistribution\", \"attributes\": {\"step\": null, \"low\": 1e-08, \"high\": 10.0, \"log\": true}}"}
{"op_code":5,"worker_id":"7d0c4277-e87f-4918-b832-3ffc990fff54-140103489241216","trial_id":12,"param_name":"lambda_l2","param_value_internal":0.00042472707398058225,"distribution":"{\"name\": \"FloatDistribution\", \"attributes\": {\"step\": null, \"low\": 1e-08, \"high\": 10.0, \"log\": true}}"}
{"op_code":7,"worker_id":"7d0c4277-e87f-4918-b832-3ffc990fff54-140103489241216","trial_id":12,"step":0,"intermediate_value":0.7765775195325938}
{"op_code":7,"worker_id":"7d0c4277-e87f-4918-b832-3ffc990fff54-140103489241216","trial_id":12,"step":1,"intermediate_value":0.7765853624052872}
{"op_code":7,"worker_id":"7d0c4277-e87f-4918-b832-3ffc990fff54-140103489241216","trial_id":12,"step":2,"intermediate_value":0.7768740216818785}
{"op_code":8,"worker_id":"7d0c4277-e87f-4918-b832-3ffc990fff54-140103489241216","trial_id":12,"user_attr":{"pruned_reason":"time_cap"}}
{"op_code":6,"worker_id":"7d0c4277-e87f-4918-b832-3ffc990fff54-140103489241216","trial_id":12,"state":2,"values":[0.7768740216818785],"datetime_complete":"2026-07-18T18:41:42.891229"}
{"op_code":4,"worker_id":"7d0c4277-e87f-4918-b832-3ffc990fff54-140103489241216","study_id":0,"datetime_start":"2026-07-18T18:41:42.966081"}
{"op_code":5,"worker_id":"7d0c4277-e87f-4918-b832-3ffc990fff54-140103489241216","trial_id":13,"param_name":"learning_rate","param_value_internal":0.03912141628549695,"distribution":"{\"name\": \"FloatDistribution\", \"attributes\": {\"step\": null, \"low\": 0.01, \"high\": 0.1, \"log\": true}}"}
{"op_code":5,"worker_id":"7d0c4277-e87f-4918-b832-3ffc990fff54-140103489241216","trial_id":13,"param_name":"num_leaves","param_value_internal":21.0,"distribution":"{\"name\": \"IntDistribution\", \"attributes\": {\"log\": false, \"step\": 1, \"low\": 16, \"high\": 128}}"}
{"op_code":5,"worker_id":"7d0c4277-e87f-4918-b832-3ffc990fff54-140103489241216","trial_id":13,"param_name":"min_data_in_leaf","param_value_internal":324.0,"distribution":"{\"name\": \"IntDistribution\", \"attributes\": {\"log\": false, \"step\": 1, \"low\": 50, \"high\": 500}}"}
{"op_code":5,"worker_id":"7d0c4277-e87f-4918-b832-3ffc990fff54-140103489241216","trial_id":13,"param_name":"feature_fraction","param_value_internal":0.5682096494749166,"distribution":"{\"name\": \"FloatDistribution\", \"attributes\": {\"step\": null, \"low\": 0.5, \"high\": 0.9, \"log\": false}}"}
{"op_code":5,"worker_id":"7d0c4277-e87f-4918-b832-3ffc990fff54-140103489241216","trial_id":13,"param_name":"bagging_fraction","param_value_internal":0.6227680575448478,"distribution":"{\"name\": \"FloatDistribution\", \"attributes\": {\"step\": null, \"low\": 0.6, \"high\": 0.95, \"log\": false}}"}
{"op_code":5,"worker_id":"7d0c4277-e87f-4918-b832-3ffc990fff54-140103489241216","trial_id":13,"param_name":"lambda_l1","param_value_internal":3.4671276804481113,"distribution":"{\"name\": \"FloatDistribution\", \"attributes\": {\"step\": null, \"low\": 1e-08, \"high\": 10.0, \"log\": true}}"}
{"op_code":5,"worker_id":"7d0c4277-e87f-4918-b832-3ffc990fff54-140103489241216","trial_id":13,"param_name":"lambda_l2","param_value_internal":4.905556676028774,"distribution":"{\"name\": \"FloatDistribution\", \"attributes\": {\"step\": null, \"low\": 1e-08, \"high\": 10.0, \"log\": true}}"}
{"op_code":7,"worker_id":"7d0c4277-e87f-4918-b832-3ffc990fff54-140103489241216","trial_id":13,"step":0,"intermediate_value":0.775636018568182}
{"op_code":7,"worker_id":"7d0c4277-e87f-4918-b832-3ffc990fff54-140103489241216","trial_id":13,"step":1,"intermediate_value":0.7757017923830734}
{"op_code":7,"worker_id":"7d0c4277-e87f-4918-b832-3ffc990fff54-140103489241216","trial_id":13,"step":2,"intermediate_value":0.7763101772099591}
{"op_code":0,"worker_id":"e5ff4fa8-2e7d-4914-8cd8-b46e19b7bae6-140258931241088","study_name":"lgbm_oof_auc","directions":[2]}
{"op_code":4,"worker_id":"e5ff4fa8-2e7d-4914-8cd8-b46e19b7bae6-140258931241088","study_id":0,"datetime_start":null,"state":4,"value":null,"values":null,"distributions":{},"params":{},"user_attrs":{},"system_attrs":{"fixed_params":{"learning_rate":0.015199348301309814,"num_leaves":36,"min_data_in_leaf":187,"feature_fraction":0.7099025726528951,"bagging_fraction":0.7511807565247405,"lambda_l1":4.17890272377219e-06,"lambda_l2":0.0032112643094417484}},"intermediate_values":{}}
{"op_code":4,"worker_id":"e5ff4fa8-2e7d-4914-8cd8-b46e19b7bae6-140258931241088","study_id":0,"datetime_start":null,"state":4,"value":null,"values":null,"distributions":{},"params":{},"user_attrs":{},"system_attrs":{"fixed_params":{"learning_rate":0.013787764619353767,"num_leaves":49,"min_data_in_leaf":215,"feature_fraction":0.6824279936868144,"bagging_fraction":0.8748115864875547,"lambda_l1":6.267062696005991e-07,"lambda_l2":0.00042472707398058225}},"intermediate_values":{}}
{"op_code":0,"worker_id":"ac01f7e7-392d-415b-b372-68dace263f0e-140090563051648","study_name":"lgbm_oof_auc","directions":[2]}
{"op_code":6,"worker_id":"ac01f7e7-392d-415b-b372-68dace263f0e-140090563051648","trial_id":14,"state":0,"values":null,"datetime_start":"2026-07-18T18:45:35.208911"}
{"op_code":5,"worker_id":"ac01f7e7-392d-415b-b372-68dace263f0e-140090563051648","trial_id":14,"param_name":"learning_rate","param_value_internal":0.015199348301309814,"distribution":"{\"name\": \"FloatDistribution\", \"attributes\": {\"step\": null, \"low\": 0.01, \"high\": 0.1, \"log\": true}}"}
{"op_code":5,"worker_id":"ac01f7e7-392d-415b-b372-68dace263f0e-140090563051648","trial_id":14,"param_name":"num_leaves","param_value_internal":36.0,"distribution":"{\"name\": \"IntDistribution\", \"attributes\": {\"log\": false, \"step\": 1, \"low\": 16, \"high\": 128}}"}
{"op_code":5,"worker_id":"ac01f7e7-392d-415b-b372-68dace263f0e-140090563051648","trial_id":14,"param_name":"min_data_in_leaf","param_value_internal":187.0,"distribution":"{\"name\": \"IntDistribution\", \"attributes\": {\"log\": false, \"step\": 1, \"low\": 50, \"high\": 500}}"}
{"op_code":5,"worker_id":"ac01f7e7-392d-415b-b372-68dace263f0e-140090563051648","trial_id":14,"param_name":"feature_fraction","param_value_internal":0.7099025726528951,"distribution":"{\"name\": \"FloatDistribution\", \"attributes\": {\"step\": null, \"low\": 0.5, \"high\": 0.9, \"log\": false}}"}
{"op_code":5,"worker_id":"ac01f7e7-392d-415b-b372-68dace263f0e-140090563051648","trial_id":14,"param_name":"bagging_fraction","param_value_internal":0.7511807565247405,"distribution":"{\"name\": \"FloatDistribution\", \"attributes\": {\"step\": null, \"low\": 0.6, \"high\": 0.95, \"log\": false}}"}
{"op_code":5,"worker_id":"ac01f7e7-392d-415b-b372-68dace263f0e-140090563051648","trial_id":14,"param_name":"lambda_l1","param_value_internal":4.17890272377219e-06,"distribution":"{\"name\": \"FloatDistribution\", \"attributes\": {\"step\": null, \"low\": 1e-08, \"high\": 10.0, \"log\": true}}"}
{"op_code":5,"worker_id":"ac01f7e7-392d-415b-b372-68dace263f0e-140090563051648","trial_id":14,"param_name":"lambda_l2","param_value_internal":0.0032112643094417484,"distribution":"{\"name\": \"FloatDistribution\", \"attributes\": {\"step\": null, \"low\": 1e-08, \"high\": 10.0, \"log\": true}}"}
{"op_code":7,"worker_id":"ac01f7e7-392d-415b-b372-68dace263f0e-140090563051648","trial_id":14,"step":0,"intermediate_value":0.776311446319238}
{"op_code":7,"worker_id":"ac01f7e7-392d-415b-b372-68dace263f0e-140090563051648","trial_id":14,"step":1,"intermediate_value":0.7762048884530872}
{"op_code":7,"worker_id":"ac01f7e7-392d-415b-b372-68dace263f0e-140090563051648","trial_id":14,"step":2,"intermediate_value":0.776820787742809}
{"op_code":8,"worker_id":"ac01f7e7-392d-415b-b372-68dace263f0e-140090563051648","trial_id":14,"user_attr":{"pruned_reason":"time_cap"}}
{"op_code":6,"worker_id":"ac01f7e7-392d-415b-b372-68dace263f0e-140090563051648","trial_id":14,"state":2,"values":[0.776820787742809],"datetime_complete":"2026-07-18T18:51:56.553517"}
{"op_code":6,"worker_id":"ac01f7e7-392d-415b-b372-68dace263f0e-140090563051648","trial_id":15,"state":0,"values":null,"datetime_start":"2026-07-18T18:51:56.651645"}
{"op_code":5,"worker_id":"ac01f7e7-392d-415b-b372-68dace263f0e-140090563051648","trial_id":15,"param_name":"learning_rate","param_value_internal":0.013787764619353767,"distribution":"{\"name\": \"FloatDistribution\", \"attributes\": {\"step\": null, \"low\": 0.01, \"high\": 0.1, \"log\": true}}"}
{"op_code":5,"worker_id":"ac01f7e7-392d-415b-b372-68dace263f0e-140090563051648","trial_id":15,"param_name":"num_leaves","param_value_internal":49.0,"distribution":"{\"name\": \"IntDistribution\", \"attributes\": {\"log\": false, \"step\": 1, \"low\": 16, \"high\": 128}}"}
{"op_code":5,"worker_id":"ac01f7e7-392d-415b-b372-68dace263f0e-140090563051648","trial_id":15,"param_name":"min_data_in_leaf","param_value_internal":215.0,"distribution":"{\"name\": \"IntDistribution\", \"attributes\": {\"log\": false, \"step\": 1, \"low\": 50, \"high\": 500}}"}
{"op_code":5,"worker_id":"ac01f7e7-392d-415b-b372-68dace263f0e-140090563051648","trial_id":15,"param_name":"feature_fraction","param_value_internal":0.6824279936868144,"distribution":"{\"name\": \"FloatDistribution\", \"attributes\": {\"step\": null, \"low\": 0.5, \"high\": 0.9, \"log\": false}}"}
{"op_code":5,"worker_id":"ac01f7e7-392d-415b-b372-68dace263f0e-140090563051648","trial_id":15,"param_name":"bagging_fraction","param_value_internal":0.8748115864875547,"distribution":"{\"name\": \"FloatDistribution\", \"attributes\": {\"step\": null, \"low\": 0.6, \"high\": 0.95, \"log\": false}}"}
{"op_code":5,"worker_id":"ac01f7e7-392d-415b-b372-68dace263f0e-140090563051648","trial_id":15,"param_name":"lambda_l1","param_value_internal":6.267062696005991e-07,"distribution":"{\"name\": \"FloatDistribution\", \"attributes\": {\"step\": null, \"low\": 1e-08, \"high\": 10.0, \"log\": true}}"}
{"op_code":5,"worker_id":"ac01f7e7-392d-415b-b372-68dace263f0e-140090563051648","trial_id":15,"param_name":"lambda_l2","param_value_internal":0.00042472707398058225,"distribution":"{\"name\": \"FloatDistribution\", \"attributes\": {\"step\": null, \"low\": 1e-08, \"high\": 10.0, \"log\": true}}"}
{"op_code":7,"worker_id":"ac01f7e7-392d-415b-b372-68dace263f0e-140090563051648","trial_id":15,"step":0,"intermediate_value":0.7765775195325938}
{"op_code":0,"worker_id":"103bb7dd-71f8-4832-a259-08cceeb3fb41-140627763019904","study_name":"lgbm_oof_auc","directions":[2]}
{"op_code":4,"worker_id":"103bb7dd-71f8-4832-a259-08cceeb3fb41-140627763019904","study_id":0,"datetime_start":null,"state":4,"value":null,"values":null,"distributions":{},"params":{},"user_attrs":{},"system_attrs":{"fixed_params":{"learning_rate":0.015199348301309814,"num_leaves":36,"min_data_in_leaf":187,"feature_fraction":0.7099025726528951,"bagging_fraction":0.7511807565247405,"lambda_l1":4.17890272377219e-06,"lambda_l2":0.0032112643094417484}},"intermediate_values":{}}
{"op_code":4,"worker_id":"103bb7dd-71f8-4832-a259-08cceeb3fb41-140627763019904","study_id":0,"datetime_start":null,"state":4,"value":null,"values":null,"distributions":{},"params":{},"user_attrs":{},"system_attrs":{"fixed_params":{"learning_rate":0.013787764619353767,"num_leaves":49,"min_data_in_leaf":215,"feature_fraction":0.6824279936868144,"bagging_fraction":0.8748115864875547,"lambda_l1":6.267062696005991e-07,"lambda_l2":0.00042472707398058225}},"intermediate_values":{}}
{"op_code":0,"worker_id":"6e129c33-1c62-4995-aed8-e69718f75903-140321345962112","study_name":"lgbm_oof_auc","directions":[2]}
{"op_code":6,"worker_id":"6e129c33-1c62-4995-aed8-e69718f75903-140321345962112","trial_id":16,"state":0,"values":null,"datetime_start":"2026-07-18T18:56:04.143875"}
{"op_code":5,"worker_id":"6e129c33-1c62-4995-aed8-e69718f75903-140321345962112","trial_id":16,"param_name":"learning_rate","param_value_internal":0.015199348301309814,"distribution":"{\"name\": \"FloatDistribution\", \"attributes\": {\"step\": null, \"low\": 0.01, \"high\": 0.1, \"log\": true}}"}
{"op_code":5,"worker_id":"6e129c33-1c62-4995-aed8-e69718f75903-140321345962112","trial_id":16,"param_name":"num_leaves","param_value_internal":36.0,"distribution":"{\"name\": \"IntDistribution\", \"attributes\": {\"log\": false, \"step\": 1, \"low\": 16, \"high\": 128}}"}
{"op_code":5,"worker_id":"6e129c33-1c62-4995-aed8-e69718f75903-140321345962112","trial_id":16,"param_name":"min_data_in_leaf","param_value_internal":187.0,"distribution":"{\"name\": \"IntDistribution\", \"attributes\": {\"log\": false, \"step\": 1, \"low\": 50, \"high\": 500}}"}
{"op_code":5,"worker_id":"6e129c33-1c62-4995-aed8-e69718f75903-140321345962112","trial_id":16,"param_name":"feature_fraction","param_value_internal":0.7099025726528951,"distribution":"{\"name\": \"FloatDistribution\", \"attributes\": {\"step\": null, \"low\": 0.5, \"high\": 0.9, \"log\": false}}"}
{"op_code":5,"worker_id":"6e129c33-1c62-4995-aed8-e69718f75903-140321345962112","trial_id":16,"param_name":"bagging_fraction","param_value_internal":0.7511807565247405,"distribution":"{\"name\": \"FloatDistribution\", \"attributes\": {\"step\": null, \"low\": 0.6, \"high\": 0.95, \"log\": false}}"}
{"op_code":5,"worker_id":"6e129c33-1c62-4995-aed8-e69718f75903-140321345962112","trial_id":16,"param_name":"lambda_l1","param_value_internal":4.17890272377219e-06,"distribution":"{\"name\": \"FloatDistribution\", \"attributes\": {\"step\": null, \"low\": 1e-08, \"high\": 10.0, \"log\": true}}"}
{"op_code":5,"worker_id":"6e129c33-1c62-4995-aed8-e69718f75903-140321345962112","trial_id":16,"param_name":"lambda_l2","param_value_internal":0.0032112643094417484,"distribution":"{\"name\": \"FloatDistribution\", \"attributes\": {\"step\": null, \"low\": 1e-08, \"high\": 10.0, \"log\": true}}"}
{"op_code":7,"worker_id":"6e129c33-1c62-4995-aed8-e69718f75903-140321345962112","trial_id":16,"step":0,"intermediate_value":0.776311446319238}
{"op_code":7,"worker_id":"6e129c33-1c62-4995-aed8-e69718f75903-140321345962112","trial_id":16,"step":1,"intermediate_value":0.7762048884530872}
{"op_code":7,"worker_id":"6e129c33-1c62-4995-aed8-e69718f75903-140321345962112","trial_id":16,"step":2,"intermediate_value":0.776820787742809}
{"op_code":8,"worker_id":"6e129c33-1c62-4995-aed8-e69718f75903-140321345962112","trial_id":16,"user_attr":{"pruned_reason":"time_cap"}}
{"op_code":6,"worker_id":"6e129c33-1c62-4995-aed8-e69718f75903-140321345962112","trial_id":16,"state":2,"values":[0.776820787742809],"datetime_complete":"2026-07-18T19:02:24.498304"}
{"op_code":6,"worker_id":"6e129c33-1c62-4995-aed8-e69718f75903-140321345962112","trial_id":17,"state":0,"values":null,"datetime_start":"2026-07-18T19:02:24.565767"}
{"op_code":5,"worker_id":"6e129c33-1c62-4995-aed8-e69718f75903-140321345962112","trial_id":17,"param_name":"learning_rate","param_value_internal":0.013787764619353767,"distribution":"{\"name\": \"FloatDistribution\", \"attributes\": {\"step\": null, \"low\": 0.01, \"high\": 0.1, \"log\": true}}"}
{"op_code":5,"worker_id":"6e129c33-1c62-4995-aed8-e69718f75903-140321345962112","trial_id":17,"param_name":"num_leaves","param_value_internal":49.0,"distribution":"{\"name\": \"IntDistribution\", \"attributes\": {\"log\": false, \"step\": 1, \"low\": 16, \"high\": 128}}"}
{"op_code":5,"worker_id":"6e129c33-1c62-4995-aed8-e69718f75903-140321345962112","trial_id":17,"param_name":"min_data_in_leaf","param_value_internal":215.0,"distribution":"{\"name\": \"IntDistribution\", \"attributes\": {\"log\": false, \"step\": 1, \"low\": 50, \"high\": 500}}"}
{"op_code":5,"worker_id":"6e129c33-1c62-4995-aed8-e69718f75903-140321345962112","trial_id":17,"param_name":"feature_fraction","param_value_internal":0.6824279936868144,"distribution":"{\"name\": \"FloatDistribution\", \"attributes\": {\"step\": null, \"low\": 0.5, \"high\": 0.9, \"log\": false}}"}
{"op_code":5,"worker_id":"6e129c33-1c62-4995-aed8-e69718f75903-140321345962112","trial_id":17,"param_name":"bagging_fraction","param_value_internal":0.8748115864875547,"distribution":"{\"name\": \"FloatDistribution\", \"attributes\": {\"step\": null, \"low\": 0.6, \"high\": 0.95, \"log\": false}}"}
{"op_code":5,"worker_id":"6e129c33-1c62-4995-aed8-e69718f75903-140321345962112","trial_id":17,"param_name":"lambda_l1","param_value_internal":6.267062696005991e-07,"distribution":"{\"name\": \"FloatDistribution\", \"attributes\": {\"step\": null, \"low\": 1e-08, \"high\": 10.0, \"log\": true}}"}
{"op_code":5,"worker_id":"6e129c33-1c62-4995-aed8-e69718f75903-140321345962112","trial_id":17,"param_name":"lambda_l2","param_value_internal":0.00042472707398058225,"distribution":"{\"name\": \"FloatDistribution\", \"attributes\": {\"step\": null, \"low\": 1e-08, \"high\": 10.0, \"log\": true}}"}
{"op_code":7,"worker_id":"6e129c33-1c62-4995-aed8-e69718f75903-140321345962112","trial_id":17,"step":0,"intermediate_value":0.7765775195325938}
{"op_code":7,"worker_id":"6e129c33-1c62-4995-aed8-e69718f75903-140321345962112","trial_id":17,"step":1,"intermediate_value":0.7765853624052872}
{"op_code":0,"worker_id":"35a83b64-222a-49c6-b343-2f053a419e3a-139867226423424","study_name":"lgbm_oof_auc","directions":[2]}
{"op_code":4,"worker_id":"35a83b64-222a-49c6-b343-2f053a419e3a-139867226423424","study_id":0,"datetime_start":null,"state":4,"value":null,"values":null,"distributions":{},"params":{},"user_attrs":{},"system_attrs":{"fixed_params":{"learning_rate":0.015199348301309814,"num_leaves":36,"min_data_in_leaf":187,"feature_fraction":0.7099025726528951,"bagging_fraction":0.7511807565247405,"lambda_l1":4.17890272377219e-06,"lambda_l2":0.0032112643094417484}},"intermediate_values":{}}
{"op_code":0,"worker_id":"7b2de9b4-023e-4d72-afcb-6fffe5bed924-140326277218432","study_name":"lgbm_oof_auc","directions":[2]}
{"op_code":6,"worker_id":"7b2de9b4-023e-4d72-afcb-6fffe5bed924-140326277218432","trial_id":18,"state":0,"values":null,"datetime_start":"2026-07-18T19:07:45.631248"}
{"op_code":5,"worker_id":"7b2de9b4-023e-4d72-afcb-6fffe5bed924-140326277218432","trial_id":18,"param_name":"learning_rate","param_value_internal":0.015199348301309814,"distribution":"{\"name\": \"FloatDistribution\", \"attributes\": {\"step\": null, \"low\": 0.01, \"high\": 0.1, \"log\": true}}"}
{"op_code":5,"worker_id":"7b2de9b4-023e-4d72-afcb-6fffe5bed924-140326277218432","trial_id":18,"param_name":"num_leaves","param_value_internal":36.0,"distribution":"{\"name\": \"IntDistribution\", \"attributes\": {\"log\": false, \"step\": 1, \"low\": 16, \"high\": 128}}"}
{"op_code":5,"worker_id":"7b2de9b4-023e-4d72-afcb-6fffe5bed924-140326277218432","trial_id":18,"param_name":"min_data_in_leaf","param_value_internal":187.0,"distribution":"{\"name\": \"IntDistribution\", \"attributes\": {\"log\": false, \"step\": 1, \"low\": 50, \"high\": 500}}"}
{"op_code":5,"worker_id":"7b2de9b4-023e-4d72-afcb-6fffe5bed924-140326277218432","trial_id":18,"param_name":"feature_fraction","param_value_internal":0.7099025726528951,"distribution":"{\"name\": \"FloatDistribution\", \"attributes\": {\"step\": null, \"low\": 0.5, \"high\": 0.9, \"log\": false}}"}
{"op_code":5,"worker_id":"7b2de9b4-023e-4d72-afcb-6fffe5bed924-140326277218432","trial_id":18,"param_name":"bagging_fraction","param_value_internal":0.7511807565247405,"distribution":"{\"name\": \"FloatDistribution\", \"attributes\": {\"step\": null, \"low\": 0.6, \"high\": 0.95, \"log\": false}}"}
{"op_code":5,"worker_id":"7b2de9b4-023e-4d72-afcb-6fffe5bed924-140326277218432","trial_id":18,"param_name":"lambda_l1","param_value_internal":4.17890272377219e-06,"distribution":"{\"name\": \"FloatDistribution\", \"attributes\": {\"step\": null, \"low\": 1e-08, \"high\": 10.0, \"log\": true}}"}
{"op_code":5,"worker_id":"7b2de9b4-023e-4d72-afcb-6fffe5bed924-140326277218432","trial_id":18,"param_name":"lambda_l2","param_value_internal":0.0032112643094417484,"distribution":"{\"name\": \"FloatDistribution\", \"attributes\": {\"step\": null, \"low\": 1e-08, \"high\": 10.0, \"log\": true}}"}
{"op_code":7,"worker_id":"7b2de9b4-023e-4d72-afcb-6fffe5bed924-140326277218432","trial_id":18,"step":0,"intermediate_value":0.776311446319238}
{"op_code":7,"worker_id":"7b2de9b4-023e-4d72-afcb-6fffe5bed924-140326277218432","trial_id":18,"step":1,"intermediate_value":0.7762048884530872}
{"op_code":7,"worker_id":"7b2de9b4-023e-4d72-afcb-6fffe5bed924-140326277218432","trial_id":18,"step":2,"intermediate_value":0.776820787742809}
{"op_code":7,"worker_id":"7b2de9b4-023e-4d72-afcb-6fffe5bed924-140326277218432","trial_id":18,"step":3,"intermediate_value":0.7772504373952326}
{"op_code":7,"worker_id":"7b2de9b4-023e-4d72-afcb-6fffe5bed924-140326277218432","trial_id":18,"step":4,"intermediate_value":0.7773507472819736}
{"op_code":8,"worker_id":"7b2de9b4-023e-4d72-afcb-6fffe5bed924-140326277218432","trial_id":18,"user_attr":{"best_iterations":[1345,1419,1456,1491,1611]}}
{"op_code":8,"worker_id":"7b2de9b4-023e-4d72-afcb-6fffe5bed924-140326277218432","trial_id":18,"user_attr":{"train_oof_gap":0.10060271511428187}}
{"op_code":8,"worker_id":"7b2de9b4-023e-4d72-afcb-6fffe5bed924-140326277218432","trial_id":18,"user_attr":{"fit_seconds":614.1}}
{"op_code":6,"worker_id":"7b2de9b4-023e-4d72-afcb-6fffe5bed924-140326277218432","trial_id":18,"state":1,"values":[0.7773455793843247],"datetime_complete":"2026-07-18T19:17:59.813195"}
{"op_code":4,"worker_id":"7b2de9b4-023e-4d72-afcb-6fffe5bed924-140326277218432","study_id":0,"datetime_start":"2026-07-18T19:17:59.821226"}
{"op_code":5,"worker_id":"7b2de9b4-023e-4d72-afcb-6fffe5bed924-140326277218432","trial_id":19,"param_name":"learning_rate","param_value_internal":0.027685713951599786,"distribution":"{\"name\": \"FloatDistribution\", \"attributes\": {\"step\": null, \"low\": 0.01, \"high\": 0.1, \"log\": true}}"}
{"op_code":5,"worker_id":"7b2de9b4-023e-4d72-afcb-6fffe5bed924-140326277218432","trial_id":19,"param_name":"num_leaves","param_value_internal":16.0,"distribution":"{\"name\": \"IntDistribution\", \"attributes\": {\"log\": false, \"step\": 1, \"low\": 16, \"high\": 128}}"}
{"op_code":5,"worker_id":"7b2de9b4-023e-4d72-afcb-6fffe5bed924-140326277218432","trial_id":19,"param_name":"min_data_in_leaf","param_value_internal":487.0,"distribution":"{\"name\": \"IntDistribution\", \"attributes\": {\"log\": false, \"step\": 1, \"low\": 50, \"high\": 500}}"}
{"op_code":5,"worker_id":"7b2de9b4-023e-4d72-afcb-6fffe5bed924-140326277218432","trial_id":19,"param_name":"feature_fraction","param_value_internal":0.872916136764715,"distribution":"{\"name\": \"FloatDistribution\", \"attributes\": {\"step\": null, \"low\": 0.5, \"high\": 0.9, \"log\": false}}"}
{"op_code":5,"worker_id":"7b2de9b4-023e-4d72-afcb-6fffe5bed924-140326277218432","trial_id":19,"param_name":"bagging_fraction","param_value_internal":0.8503093642688783,"distribution":"{\"name\": \"FloatDistribution\", \"attributes\": {\"step\": null, \"low\": 0.6, \"high\": 0.95, \"log\": false}}"}
{"op_code":5,"worker_id":"7b2de9b4-023e-4d72-afcb-6fffe5bed924-140326277218432","trial_id":19,"param_name":"lambda_l1","param_value_internal":0.0017510000899283802,"distribution":"{\"name\": \"FloatDistribution\", \"attributes\": {\"step\": null, \"low\": 1e-08, \"high\": 10.0, \"log\": true}}"}
{"op_code":5,"worker_id":"7b2de9b4-023e-4d72-afcb-6fffe5bed924-140326277218432","trial_id":19,"param_name":"lambda_l2","param_value_internal":2.0089881222150763,"distribution":"{\"name\": \"FloatDistribution\", \"attributes\": {\"step\": null, \"low\": 1e-08, \"high\": 10.0, \"log\": true}}"}
{"op_code":7,"worker_id":"7b2de9b4-023e-4d72-afcb-6fffe5bed924-140326277218432","trial_id":19,"step":0,"intermediate_value":0.7751866314255058}
{"op_code":7,"worker_id":"7b2de9b4-023e-4d72-afcb-6fffe5bed924-140326277218432","trial_id":19,"step":1,"intermediate_value":0.7750343383120267}
{"op_code":0,"worker_id":"11c41e0e-5875-4a4c-bf30-11e581ae2953-140305119256704","study_name":"lgbm_oof_auc","directions":[2]}
{"op_code":4,"worker_id":"11c41e0e-5875-4a4c-bf30-11e581ae2953-140305119256704","study_id":0,"datetime_start":null,"state":4,"value":null,"values":null,"distributions":{},"params":{},"user_attrs":{},"system_attrs":{"fixed_params":{"learning_rate":0.013787764619353767,"num_leaves":49,"min_data_in_leaf":215,"feature_fraction":0.6824279936868144,"bagging_fraction":0.8748115864875547,"lambda_l1":6.267062696005991e-07,"lambda_l2":0.00042472707398058225}},"intermediate_values":{}}
{"op_code":0,"worker_id":"5dc53273-5b7c-4b69-b7e2-ef56ce29db36-140432009035904","study_name":"lgbm_oof_auc","directions":[2]}
{"op_code":6,"worker_id":"5dc53273-5b7c-4b69-b7e2-ef56ce29db36-140432009035904","trial_id":20,"state":0,"values":null,"datetime_start":"2026-07-18T19:26:32.348182"}
{"op_code":5,"worker_id":"5dc53273-5b7c-4b69-b7e2-ef56ce29db36-140432009035904","trial_id":20,"param_name":"learning_rate","param_value_internal":0.013787764619353767,"distribution":"{\"name\": \"FloatDistribution\", \"attributes\": {\"step\": null, \"low\": 0.01, \"high\": 0.1, \"log\": true}}"}
{"op_code":5,"worker_id":"5dc53273-5b7c-4b69-b7e2-ef56ce29db36-140432009035904","trial_id":20,"param_name":"num_leaves","param_value_internal":49.0,"distribution":"{\"name\": \"IntDistribution\", \"attributes\": {\"log\": false, \"step\": 1, \"low\": 16, \"high\": 128}}"}
{"op_code":5,"worker_id":"5dc53273-5b7c-4b69-b7e2-ef56ce29db36-140432009035904","trial_id":20,"param_name":"min_data_in_leaf","param_value_internal":215.0,"distribution":"{\"name\": \"IntDistribution\", \"attributes\": {\"log\": false, \"step\": 1, \"low\": 50, \"high\": 500}}"}
{"op_code":5,"worker_id":"5dc53273-5b7c-4b69-b7e2-ef56ce29db36-140432009035904","trial_id":20,"param_name":"feature_fraction","param_value_internal":0.6824279936868144,"distribution":"{\"name\": \"FloatDistribution\", \"attributes\": {\"step\": null, \"low\": 0.5, \"high\": 0.9, \"log\": false}}"}
{"op_code":5,"worker_id":"5dc53273-5b7c-4b69-b7e2-ef56ce29db36-140432009035904","trial_id":20,"param_name":"bagging_fraction","param_value_internal":0.8748115864875547,"distribution":"{\"name\": \"FloatDistribution\", \"attributes\": {\"step\": null, \"low\": 0.6, \"high\": 0.95, \"log\": false}}"}
{"op_code":5,"worker_id":"5dc53273-5b7c-4b69-b7e2-ef56ce29db36-140432009035904","trial_id":20,"param_name":"lambda_l1","param_value_internal":6.267062696005991e-07,"distribution":"{\"name\": \"FloatDistribution\", \"attributes\": {\"step\": null, \"low\": 1e-08, \"high\": 10.0, \"log\": true}}"}
{"op_code":5,"worker_id":"5dc53273-5b7c-4b69-b7e2-ef56ce29db36-140432009035904","trial_id":20,"param_name":"lambda_l2","param_value_internal":0.00042472707398058225,"distribution":"{\"name\": \"FloatDistribution\", \"attributes\": {\"step\": null, \"low\": 1e-08, \"high\": 10.0, \"log\": true}}"}
{"op_code":7,"worker_id":"5dc53273-5b7c-4b69-b7e2-ef56ce29db36-140432009035904","trial_id":20,"step":0,"intermediate_value":0.7765775195325938}
{"op_code":7,"worker_id":"5dc53273-5b7c-4b69-b7e2-ef56ce29db36-140432009035904","trial_id":20,"step":1,"intermediate_value":0.7765853624052872}
{"op_code":7,"worker_id":"5dc53273-5b7c-4b69-b7e2-ef56ce29db36-140432009035904","trial_id":20,"step":2,"intermediate_value":0.7768740216818785}
{"op_code":7,"worker_id":"5dc53273-5b7c-4b69-b7e2-ef56ce29db36-140432009035904","trial_id":20,"step":3,"intermediate_value":0.7774517186328833}
{"op_code":7,"worker_id":"5dc53273-5b7c-4b69-b7e2-ef56ce29db36-140432009035904","trial_id":20,"step":4,"intermediate_value":0.7773859784962687}
{"op_code":8,"worker_id":"5dc53273-5b7c-4b69-b7e2-ef56ce29db36-140432009035904","trial_id":20,"user_attr":{"best_iterations":[1561,1657,1215,1753,1140]}}
{"op_code":8,"worker_id":"5dc53273-5b7c-4b69-b7e2-ef56ce29db36-140432009035904","trial_id":20,"user_attr":{"train_oof_gap":0.11688507326587272}}
{"op_code":8,"worker_id":"5dc53273-5b7c-4b69-b7e2-ef56ce29db36-140432009035904","trial_id":20,"user_attr":{"fit_seconds":695.9}}
{"op_code":6,"worker_id":"5dc53273-5b7c-4b69-b7e2-ef56ce29db36-140432009035904","trial_id":20,"state":1,"values":[0.7773546264322871],"datetime_complete":"2026-07-18T19:38:08.260540"}
